<!-- content start -->
    <div class="section" id="uml-directive">
            <h1>Uml Directive</h1>

            <figure
        class="uml-diagram"
            >
        75038c5ec593504a90a100f9668e1138
    <figcaption>Figure 1-1: Application flow</figcaption></figure>
            <figure
        class="uml-diagram"
            >
        75038c5ec593504a90a100f9668e1138
    <figcaption>Figure 1-1: Application flow</figcaption></figure>
    </div>

<!-- content end -->
