<!-- content start -->

<div class="section" id="yet-another-page">
            <h1>Yet Another Page</h1>

    <p>Lorem Ipsum Dolor.</p>

    </div>
<!-- content end -->
