<!-- content start -->
    <h1>Markdown with linked images</h1>

<p><a href="https://github.com/AOEpeople/TYPO3-Feature-Flag/actions">https://github.com/AOEpeople/TYPO3-Feature-Flag/actions</a><a href="https://scrutinizer-ci.com/g/AOEpeople/TYPO3-Feature-Flag/?branch=main">https://scrutinizer-ci.com/g/AOEpeople/TYPO3-Feature-Flag/?branch=main</a><a href="https://scrutinizer-ci.com/g/AOEpeople/TYPO3-Feature-Flag/?branch=main">https://scrutinizer-ci.com/g/AOEpeople/TYPO3-Feature-Flag/?branch=main</a></p>
<!-- content end -->
