<!-- content start -->
                        <div class="section" id="document-title">
    <h1>Document Title</h1>


    <div class="alert alert-info " role="alert">
    <h4 class="alert-heading">Tip</h4>
    <p>Lorem Ipsum Dolor.</p>
</div>

    </div>

                    <!-- content end -->
