<!-- content start -->
    <div class="section" id="document-title">
            <h1>Document Title</h1>


<ol start="1" type="1">
    <li value="1">First numbered list item.</li>
    <li value="2">This is the second numbered list item.</li>
    <li>and then the third numbered list item.</li>
</ol>


    <p>Lorem Ipsum Dolor</p>



<ol start="3" type="1">
    <li value="3">First numbered list item.</li>
    <li value="2">This is the second numbered list item.</li>
    <li value="1">
    <p>and then the third numbered list item.</p>


<ol start="1" type="1">
    <li value="1">This is an indented numbered list.</li>
    <li>This is the second item.</li>
</ol>
</li>
</ol>

    </div>
<!-- content end -->
