<!-- content start -->
    <div class="section" id="test">
            <h1>Test</h1>

            <table>
            <tr>
            <th>Version</th>

            <td>
                            </td>
        </tr>
            <tr>
            <th>Language</th>

            <td>
                <p>en</p>            </td>
        </tr>
            <tr>
            <th>Author</th>

            <td>
                <p>Contributors</p>            </td>
        </tr>
            <tr>
            <th>Rendered</th>

            <td>
                <p>Sun, 01 Jan 2023 12:00:00 +0000</p>            </td>
        </tr>
    </table>

            <p>Something else.</p>
    </div>

<!-- content end -->
