<!-- content start -->
    <h1>Markdown Example</h1>

<p>This is a Markdown document with some basic formatting.</p>
<h2>Headings</h2>

<p>You can create headings using hash symbols.</p>
<p>This text is part of a paragraph under the &quot;Headings&quot; heading.</p>
<!-- content end -->
