<!-- content start -->
    <div class="section" id="title">
    <h1>Title</h1>

            <p>Folder <code>_assets</code> contains symlinks to <code>Resources/Public</code></p>
            <p>Folder <code>_assets</code> contains symlinks to <code>Resources/Public</code></p>
            <p>Folder <code>\_assets</code> contains symlinks to <code>Resources/Public</code></p>
            <p>Folder <code>_assets</code> contains symlinks to <code>Resources/Public</code></p>
            <p>Some <code>_.htaccess</code> and <code>_web.config</code>.</p>
    </div>

<!-- content end -->
