{
    "std:doc": {
        "index": [
            null,
            null,
            "index.html",
            "Document Title"
        ],
        "page1": [
            null,
            null,
            "page1.html",
            "Page 1"
        ],
        "page2": [
            null,
            null,
            "page2.html",
            "Page 2"
        ],
        "subfolder\/index": [
            null,
            null,
            "subfolder\/index.html",
            "Subfolder Index"
        ],
        "subfolder\/subpage1": [
            null,
            null,
            "subfolder\/subpage1.html",
            "Subpage 1"
        ],
        "subfolder\/subpage2": [
            null,
            null,
            "subfolder\/subpage2.html",
            "Subpage 2"
        ]
    },
    "std:label": {
        "document-title": [
            null,
            null,
            "index.html#document-title",
            "Document Title"
        ],
        "page-1": [
            null,
            null,
            "page1.html#page-1",
            "Page 1"
        ],
        "page-2": [
            null,
            null,
            "page2.html#page-2",
            "Page 2"
        ],
        "subfolder-index": [
            null,
            null,
            "subfolder\/index.html#subfolder-index",
            "Subfolder Index"
        ],
        "subpage-1": [
            null,
            null,
            "subfolder\/subpage1.html#subpage-1",
            "Subpage 1"
        ],
        "subpage-2": [
            null,
            null,
            "subfolder\/subpage2.html#subpage-2",
            "Subpage 2"
        ]
    }
}