<!DOCTYPE html>
<html lang="en">
<head>


</head>

<body>
<div class="section" id="rst-overview">
    <h1>Overview</h1>
    <p>RST Overview content</p>
</div>
<div class="section" id="sphinx-overview">
    <h1>Overview</h1>
    <p>Sphinx Overview content</p>
</div>

</body>
</html>
