<!-- content start -->
    <div class="section" id="document-title">
    <h1>Document Title</h1>

            <p>Lorem Ipsum Dolor.</p>
            <dl>
                        <dt>title:</dt>

        <dd>Title</dd>                        <dt>version:</dt>

        <dd>12.4</dd>                        <dt>release:</dt>

        <dd>12.4.9-dev</dd>                        <dt>copyright:</dt>

        <dd>since 1998 phpDocumentor Team and Contributors</dd>    </dl>

    </div>

<!-- content end -->
