<!-- content start -->
    <div class="section" id="directive-tests">
            <h1>Directive tests</h1>


  <p>Lorem Ipsum Dolor</p>

  <p>Dolor sit!</p>

    </div>
<!-- content end -->
