\documentclass[11pt]{report}
\usepackage[utf8]{inputenc}
\usepackage[T1]{fontenc}
\usepackage[french]{babel}
\usepackage{cite}
\usepackage{amssymb}
\usepackage{amsmath}
\usepackage{mathrsfs}
\usepackage{graphicx}
\usepackage{hyperref}
\usepackage{listings}
\begin{document}
\label{}
    \section{Directive tests}

    This is only displayed in Latex.
    This is only displayed in both HTML and Latex.

\end{document}
