<!-- content start -->
    <div class="section" id="underscores-in-code-indented-with-tabs">
            <h1>Underscores in code indented with tabs</h1>

            <pre><code class="language-typoscript">split {
	token = frontend__
	1.current = 1
	1.wrap = |
}</code></pre>
    </div>

<!-- content end -->
