<!-- content start -->
    <div class="section" id="some-table-with-long-lines">
    <h1>Some table with long lines</h1>

            <table>
                <thead>
            <tr>
                            <th>Project</th>
                            <th>Links</th>
                    </tr>
        </thead>
    <tbody>
    <tr>
            <td>TSconfig Reference (full)</td>
            <td>|unkown| and another |known| variable</td>
    </tr>
</tbody>
</table>

    </div>

<!-- content end -->
