<!-- content start -->
    <div class="section" id="anchors">
    <h1>Anchors</h1>

            <a id="lists"></a>
            <p><a href="#lists">go to lists</a></p>
    </div>

<!-- content end -->
