<!-- content start -->
    <div class="section" id="directive-tests">
            <h1>Directive tests</h1>
            <math><mrow>
    <mi>α</mi>
    <mi>t</mi>
    <mo stretchy="false">(</mo>
    <mi>i</mi>
    <mo stretchy="false">)</mo>
    <mo>=</mo>
    <mi>P</mi>
    <mo stretchy="false">(</mo>
    <mi>O</mi>
    <msub>
        <mi>t</mi>
        <mo>,</mo>
        <mi>i</mi>
    </msub>
    <mo>=</mo>
    <mi>S</mi>
    <mi>i</mi>
    <mi>λ</mi>
    <mo stretchy="false">)</mo>
</mrow></math>
    </div>
<!-- content end -->
