<!-- content start -->
    <div class="section" id="document-title">
    <h1>Document Title</h1>

            <p>Lorem Ipsum Dolor.</p>
            <div class="toc">
    <ul class="menu-level">
    <li class="toc-item"><a href="/page1.html">Page 1</a></li>

    <li class="toc-item"><a href="/page2.html">Page 2</a></li>

    <li class="toc-item"><a href="/level-1-1/index.html">Level 1-1</a></li>

    <li class="toc-item"><a href="/level-1-2/index.html">Level 1-2</a></li>

    </ul>
</div>

    </div>

<!-- content end -->
