<!-- content start -->
    <h1>Markdown Blockquotes</h1>

<blockquote><p>This is a blockquote.It can span multiple lines.</p></blockquote>

<h2>Blockquotes with Multiple Paragraphs</h2>

<blockquote><p>Dorothy followed her through many of the beautiful rooms in her castle.</p><p>The Witch bade her clean the pots and kettles and sweep the floor and keep the fire fed with wood.</p></blockquote>

<h2>Blockquotes with Other Elements</h2>

<blockquote><p>The quarterly results look great!</p>

<ul>
    <li class="dash"><p>Revenue was off the chart.</p></li>

    <li class="dash"><p>Profits were higher than ever.</p></li>

</ul>
<p><em>Everything</em> is going according to <strong>plan</strong>.</p></blockquote>

<h2>Blockquotes Best Practices</h2>

<p>Try to put a blank line before...</p>
<blockquote><p>This is a blockquote</p></blockquote>

<p>...and after a blockquote.</p>
<!-- content end -->
