<!-- content start -->
    <div class="section" id="confval-directive">
    <h1>Confval directive</h1>

            <dl class="confval">
    <dt id="demo">
        <code class="sig-name descname"><span class="pre">demo</span></code></dt>
    <dd>
        <div class="line-block">
             <div class="line"><strong>Type:</strong>  <code>&quot;Hello World&quot;</code></div>
             <div class="line"><strong>Required:</strong> true</div>
            <div class="line"><strong>Custom Info:</strong> <strong>custom</strong></div>

            </div>
        <div class="confval-description">
            <p>This is the confval <code>demo</code> content!</p><p>Another paragraph.</p>
        </div>
    </dd>
</dl>
            <p>See option <a href="/index.html#demo">demo</a>
.</p>
    </div>

<!-- content end -->
