<!DOCTYPE html>
<html lang="en">
<head>
    <title>Overview</title>

</head>
<body>
    <div class="section" id="rst-overview">
    <h1>Overview</h1>

            <p>RST Overview content</p>
    </div>

<div class="section" id="sphinx-overview">
    <h1>Overview</h1>

            <p>Sphinx Overview content</p>
            <div class="section" id="somewhere-else">
    <h2>Somewhere else</h2>

            <p>This is a link to the RST Overview: <a href="/index.html#rst-overview">RST Overview</a></p>
            <p>This is a link to the Sphinx Overview: <a href="/index.html#sphinx-overview">Sphinx Overview</a></p>
    </div>

    </div>

</body>
</html>
