<!-- content start -->
    <div class="section" id="uml-directive">
            <h1>Uml Directive</h1>
            <figure class="uml-diagram" style="width: 1000">
                <figcaption>Figure 1-1: Application flow</figcaption>
            </figure>
            <figure class="uml-diagram" style="width: 1000">
                <figcaption>Figure 1-1: Application flow</figcaption>
            </figure>
    </div>
<!-- content end -->
