<!-- content start -->
    <div class="section" id="document-title">
            <a id="doc"></a>
            <h1>Document Title</h1>

    <p>Lorem Ipsum Dolor.</p>


    <p>See the TYPO3 documentation!</p>

    </div>
<!-- content end -->
