<!-- content start -->
    <h1>Child&#039;s Swing Usage Guide</h1>

<p>Welcome to the world of fun and laughter with our child&#039;s swing! Follow thesimple steps below to ensure a safe and enjoyable experience for your littleone.</p>
<h2>Table of Contents</h2>



<ul>
    <li class="dash"><p><a href="#installation">Installation</a></p></li>

    <li class="dash"><p><a href="#usage">Usage</a></p></li>

    <li class="dash"><p><a href="#safety-guidelines">Safety Guidelines</a></p></li>

    <li class="dash"><p><a href="#maintenance">Maintenance</a></p></li>

    <li class="dash"><p><a href="#troubleshooting">Troubleshooting</a></p></li>

</ul>

<hr />

<h2>Installation</h2>

<p><img src="https://upload.wikimedia.org/wikipedia/commons/a/a3/Forgiveness_5.gif" alt="Swing Image"/></p>


<ol>
    <li><p><strong>Choose a Sturdy Location:</strong> Select a location with a sturdy beam or swingset structure capable of supporting the weight of the swing and the child.</p></li>

    <li><p><strong>Securely Attach the Swing:</strong> Use strong and reliable <a href="https://example.com/ropes">ropes</a>or chains to securely attach the swing to the chosen location. Double-checkthe knots or hardware to ensure they are tight and safe.</p></li>

    <li><p><strong>Adjust the Height:</strong> Adjust the height of the swing to a level that iscomfortable for your child. Ensure that it is not too high or too low.</p></li>

</ol>

<h2>Usage</h2>



<ol>
    <li><p><strong>Place the Child in the Swing:</strong> Gently place your child in the swing seat,ensuring they are properly seated and secure.</p></li>

    <li><p><strong>Hold onto the Swing:</strong> Provide support and hold onto the swing until yourchild is comfortably seated and ready to swing.</p></li>

    <li><p><strong>Start Swinging:</strong> Give a gentle push to start the swinging motion. Observeyour child&#039;s comfort level and adjust the swinging speed accordingly.</p><pre><code class="language-">procedure startSwinging(swing, child)
    while child.isComfortable()
        swing.giveGentlePush()
        waitForNextIteration()
    end while
end procedure

</code></pre></li>

    <li><p><strong>Supervise Always:</strong> Always supervise your child while they are using theswing. Ensure they are using it safely and within the recommended age and weightlimits.</p></li>

</ol>

<blockquote><p>&quot;Swinging is not just a physical activity; it&#039;s a journey into the world ofimagination and joy.&quot;</p></blockquote>

<h3>Additional Tips:</h3>



<ul>
    <li class="dash"><p>Bring your child&#039;s favorite toys to make swinging even more enjoyable.</p></li>

    <li class="dash"><p>Consider creating a soft landing area with cushions or grass underneath the swing.</p></li>

</ul>

<h2>Safety Guidelines</h2>



<ol>
    <li><p><strong>Check Hardware Regularly:</strong> Periodically inspect the ropes or chains, aswell as any hardware used to attach the swing. Replace any damaged or worn-outparts immediately.</p></li>

    <li><p><strong>Set Age and Weight Limits:</strong> Follow the manufacturer&#039;s recommended age andweight limits for the swing. Do not exceed these limits to ensure safety.</p></li>

    <li><p><strong>Use Proper Attire:</strong> Encourage your child to wear appropriate clothing,including closed-toe shoes, to prevent any injuries.</p></li>

    <li><p><strong>No Rough Play:</strong> Instruct your child not to engage in rough play or attemptto stand up in the swing.</p></li>

</ol>

<h2>Maintenance</h2>



<ol>
    <li><p><strong>Clean the Swing:</strong> Wipe down the swing seat regularly to keep it clean andfree from dirt or debris.</p></li>

    <li><p><strong>Inspect for Wear:</strong> Check the swing&#039;s components for signs of wear ordamage. Replace any worn-out parts promptly.</p></li>

    <li><p><strong>Tighten Loose Hardware:</strong> Ensure that all nuts and bolts are securelytightened to maintain stability.</p></li>

</ol>

<h2>Troubleshooting</h2>



<ul>
    <li class="dash"><p><strong>Swing Doesn&#039;t Move Smoothly:</strong> Check for any knots or tangles in the ropesor chains. Untangle and ensure a smooth swinging motion.</p></li>

    <li class="dash"><p><strong>Unusual Sounds:</strong> If you hear any creaking or unusual sounds, inspect thehardware for any loose or damaged parts.</p><p>If you hear screaming or crying, untangle the child.</p></li>

    <li class="dash"><p><strong>Uneven Swinging:</strong> Adjust the height of the swing to achieve a balanced andeven swinging motion.</p></li>

</ul>

<p>Remember, safety first! Enjoy your time on the swing with your little one.</p>
<!-- content end -->
