<!-- content start -->
    <div class="section" id="overview">
    <h1>Overview</h1>

            <div class="section" id="overview-1">
    <h2>Overview 1</h2>

            <a id="rst-overview"></a>
            <p>RST Overview content</p>
    </div>

            <div class="section" id="overview-2">
    <h2>Overview 2</h2>

            <a id="sphinx-overview"></a>
            <p>Sphinx Overview content</p>
    </div>

    </div>

<!-- content end -->
