<ul class="simple">
    <li><p>List item 1</p></li>
    <li><p>This is list item two</p></li>
    <li><p>And finally, list item three.</p></li>
</ul>
<ul class="simple">
    <li><p>Another list</p>
        <ul>
            <li><p>that is indented</p></li>
            <li><p>indented list item</p></li>
        </ul>
    </li>
</ul>