<!-- content start -->
    <div class="section" id="code-block">
    <h1>Code Block</h1>

            <pre><code class="language-">Test code block with whitespace.
Some more code</code></pre>
    </div>

<!-- content end -->
