<!DOCTYPE html>
<html class="no-js" lang="en">
<head>
    <meta charset="utf-8" />
    <meta name="viewport" content="width=device-width, initial-scale=1.0" />
    <meta name="docsearch:name" content="" />
    <meta name="docsearch:package_type" content="" />
    <meta name="docsearch:release" content="" />
    <meta name="docsearch:version" content="" />
    <meta name="docsearch:modified" content="2022-11-18T10:26:52+00:00" />
    <link rel="schema.dc" href="http://purl.org/dc/elements/1.1/" />
    <meta name="dc.modified" content="2022-11-18T10:26:52+00:00" />
    <meta property="article:modified_time" content="2022-11-18T10:26:52+00:00" />

    <title>Introduction &mdash; &lt;project&gt; &lt;release&gt; documentation</title>

    <link rel="stylesheet" type="text/css" href="../_static/pygments.css" />
    <link rel="stylesheet" type="text/css" href="../_static/graphviz.css" />
    <link rel="stylesheet" type="text/css" href="../_static/copybutton.css" />
    <link rel="stylesheet" type="text/css" href="../_static/tabs.css" />
    <link rel="stylesheet" type="text/css" href="../_static/panels-main.c949a650a448cc0ae9fd3441c0e17fb0.css" />
    <link rel="stylesheet" type="text/css" href="../_static/panels-variables.06eb56fa6e07937060861dad626602ad.css" />
    <link rel="stylesheet" type="text/css" href="../_static/css/fontawesome.css" />
    <link rel="stylesheet" type="text/css" href="../_static/css/webfonts.css" />
    <link rel="stylesheet" type="text/css" href="../_static/css/theme.css" />
    <link rel="stylesheet" type="text/css" href="../_static/css/codeblock.css" />
<!-- linktags -->
    <link rel="index" title="Index" href="../genindex.html" />
    <link rel="search" title="Search" href="../search.html" />
    <link rel="top" title="&lt;project&gt; &lt;release&gt; documentation" href="#" />
    <link rel="next" title="Installation" href="../Installation/Index.html" />
    <link rel="prev" title="&lt;project&gt;" href="../Index.html" />
<!-- /linktags -->
<!-- extrahead --><!-- /extrahead -->
    <script src="../_static/js/modernizr.min.js"></script>

</head>

<body>

    <div class="page">

        <div class="page-header">
            <div class="page-header-inner">
<!--block pageheader-->
<div class="row">
    <div class="col-sm-6 col-lg-7">

        <div class="logo">
        <a href="https://docs.typo3.org/" title="TYPO3 Documentation" >

            <img src="../_static/img/typo3-logo.svg" width="484" height="130" alt="TYPO3 Logo" class="logo-image" />
        </a>
        </div>
    </div><!--/.col-x-->
    <div class="col-sm-6 col-lg-5">
        <div role="search">
            
            <!--form global search-->
        </div>
    </div><!--/.col-x-->
</div><!--/.row-->
<!--/block pageheader-->
            </div><!--/.page-header-inner-->
        </div><!--/.page-header-->

        

        <div class="page-main">
            <div class="page-main-inner">
                <div class="page-main-navigation">
                    <nav>
                        <input type="checkbox" id="toggleToc" class="toc-checkbox">
                        <div class="toc-header"><div class="toc-title">
                                    <a class="toc-title-project" href="../Index.html">&lt;project&gt;</a></div><div class="toc-actions">
                                <label for="toggleToc" class="toc-toggle">
                                    Menu
                                </label>
                            </div>
                        </div>
                        <div class="toc-collapse">
<!-- searchbox.html -->
<div id="searchbox" class="toc-search" role="search">
    <form id="search-form" action="../search.html" autocomplete="off" method="get">
        <input class="form-control" type="text" name="q" placeholder="Search this project" aria-label="Search this project" id="searchinput" />
        <input type="hidden" name="check_keywords" value="yes" />
        <input type="hidden" name="area" value="default" />
    </form>
</div>
<!-- /searchbox.html -->
                            <div class="toc" role="navigation" aria-label="main navigation">
<!-- menu -->
                                        <ul class="current">
<li class="toctree-l1 current"><a class="current reference internal" href="#">Introduction</a></li>
<li class="toctree-l1"><a class="reference internal" href="../Installation/Index.html">Installation</a></li>
<li class="toctree-l1"><a class="reference internal" href="../Configuration/Index.html">Configuration</a><ul>
<li class="toctree-l2"><a class="reference internal" href="../Configuration/General.html">General configuration</a></li>
<li class="toctree-l2"><a class="reference internal" href="../Configuration/TypoScriptReference/Index.html">TypoScript reference</a><ul>
<li class="toctree-l3"><a class="reference internal" href="../Configuration/TypoScriptReference/Constants.html">Constants</a></li>
<li class="toctree-l3"><a class="reference internal" href="../Configuration/TypoScriptReference/Setup.html">Setup</a></li>
</ul>
</li>
<li class="toctree-l2"><a class="reference internal" href="../Configuration/TSconfig.html">TSconfig reference</a></li>
<li class="toctree-l2"><a class="reference internal" href="../Configuration/TSconfig.html#user-tsconfig">User TSconfig</a></li>
<li class="toctree-l2"><a class="reference internal" href="../Configuration/TSconfig.html#page-tsconfig">Page TSconfig</a></li>
</ul>
</li>
<li class="toctree-l1"><a class="reference internal" href="../Editor/Index.html">For Editors</a></li>
<li class="toctree-l1"><a class="reference internal" href="../Templates/Index.html">Templates</a><ul>
<li class="toctree-l2"><a class="reference internal" href="../Templates/Override.html">Overriding templates</a></li>
<li class="toctree-l2"><a class="reference internal" href="../Templates/ViewHelpers.html">Custom ViewHelpers</a></li>
<li class="toctree-l2"><a class="reference internal" href="../Templates/Examples.html">Templating examples</a></li>
</ul>
</li>
<li class="toctree-l1"><a class="reference internal" href="../Developer/Index.html">Developer corner</a></li>
<li class="toctree-l1"><a class="reference internal" href="../KnownProblems/Index.html">Known problems</a></li>
</ul>
<ul>
<li class="toctree-l1"><a class="reference internal" href="../Sitemap.html">Sitemap</a></li>
<li class="toctree-l1"><a class="reference internal" href="../genindex.html">Index</a></li>
</ul>

                                    <p class="caption"><span class="caption-text">PAGE CONTENTS</span></p>
                                    <ul>
<li><a class="reference internal" href="#">Introduction</a><ul>
<li><a class="reference internal" href="#what-does-it-do">What does it do?</a></li>
<li><a class="reference internal" href="#screenshots">Screenshots</a></li>
</ul>
</li>
</ul>
<!-- /menu -->
                            </div>
                        </div>
                    </nav>
                </div>
                <div class="page-main-content">
                    <div class="rst-content">
<!-- pager-hidden.html -->

        <a class="no-focus" accesskey="p" href="../Index.html" tabindex="-1"></a>
        <a class="no-focus" accesskey="n" href="../Installation/Index.html" tabindex="-1"></a>
<!-- /pager-hidden.html -->
<!-- breadcrumbs.html -->
<div class="breadcrumb-bar" role="navigation" aria-label="breadcrumbs navigation">
    <ol class="breadcrumb">
        <li class="breadcrumb-item"><a href="../Index.html">Start</a></li>
        <li class="breadcrumb-item active" aria-current="page">Introduction</li>
    </ol>
    <div class="breadcrumb-additions">
        <a class="btn btn-sm btn-light" href="../_sources/Introduction/Index.rst.txt" rel="nofollow">
            <span class="btn-icon"><span class="fas fa-code"></span></span>
            <span class="btn-text">View source</span>
        </a>
        <a class="btn btn-sm btn-light" id="btnHowToEdit"
           href="https://docs.typo3.org/m/typo3/docs-how-to-document/master/en-us/WritingDocsOfficial/GithubMethod.html"
           rel="nofollow noopener" target="_blank">
            <span class="btn-icon"><span class="fas fa-info-circle"></span></span>
            <span class="btn-text">How to edit</span>
        </a>
        <a class="btn btn-sm btn-primary" id="btnEditOnGitHub" href="https://github.com/TYPO3-Documentation/TYPO3CMS-Example-ExtensionManual/edit/main/Documentation/Introduction/Index.rst">
            <span class="btn-icon"><span class="fab fa-github"></span></span>
            <span class="btn-text">Edit on GitHub</span>
        </a>
    </div>
</div>
<!-- /breadcrumbs.html -->
<!-- displaysettingsui.html -->
<div id="displaysettingsui" class="displaysettingsui">
<div class="dsDivCogwheel"><i id="dsCogwheel" class="fas fa-cog" title="Display settings"></i></div>
<div id="dsPanel" class="dsPanel" ><p><b>Display settings</b></p>
<input type="checkbox" id="cbFullWidth"><label for="cbFullWidth">Use full width</label><br>
<input type="checkbox" id="cbPermanent"><label for="cbPermanent">Make settings permanent</label><br>
</div><!--/.dsPanel-->
</div><!--/.displaysettingsui-->
<!-- /displaysettingsui.html -->
<!-- versionhints.html -->
<div class="version-hints">

    <div class="version-hints-inner" data-run-ajax="no">
<!--filled from _static/ajax-version-hints.html-->
</div><!--/.version-hints-inner-->
</div><!--/.version-hints-->
<!-- /versionhints.html -->
                        <div role="main" class="document" itemscope="itemscope" itemtype="http://schema.org/Article">
                            <div itemprop="articleBody">
<!-- body -->
    <div class="section" id="introduction">
<span id="id1"></span><h1>Introduction<a class="headerlink" href="#introduction" title="Permalink to this headline">Â¶</a></h1>
<div class="admonition tip">
<p class="admonition-title">Tip</p>
<p>New to reStructuredText and Sphinx?</p>
<p>Get an introduction:
<a class="reference external" href="https://docs.typo3.org/m/typo3/docs-how-to-document/master/en-us/WritingReST/Index.html">https://docs.typo3.org/m/typo3/docs-how-to-document/master/en-us/WritingReST/Index.html</a></p>
<p>Use this cheat sheet as reference:
<a class="reference external" href="https://docs.typo3.org/m/typo3/docs-how-to-document/master/en-us/WritingReST/CheatSheet.html">https://docs.typo3.org/m/typo3/docs-how-to-document/master/en-us/WritingReST/CheatSheet.html</a></p>
</div>
<div class="section" id="what-does-it-do">
<span id="what-it-does"></span><h2>What does it do?<a class="headerlink" href="#what-does-it-do" title="Permalink to this headline">Â¶</a></h2>
<p>The aim of this chapter is to provide a general overview of your extension.</p>
<ul class="simple">
<li><p>What does it do?</p></li>
<li><p>What problems does it solve?</p></li>
<li><p>Who is the target audience?</p></li>
</ul>
<p>This chapter should provide information that will help inform
potential users and assist them in deciding if they should
install and use this extension.</p>
<div class="admonition attention">
<p class="admonition-title">Attention</p>
<p>Do not forget to set extension's version number in <code class="file docutils literal notranslate"><span class="pre">Settings.cfg</span></code> file,
in the <code class="code docutils literal notranslate"><span class="pre">release</span></code> property.
It will be automatically picked up on the cover page by the <code class="code docutils literal notranslate"><span class="pre">|release|</span></code> substitution.</p>
</div>
</div>
<div class="section" id="screenshots">
<span id="id2"></span><h2>Screenshots<a class="headerlink" href="#screenshots" title="Permalink to this headline">Â¶</a></h2>
<p>This chapter should help people understand how the extension works.
Remove it if it is not relevant.</p>
<div class="figure align-default" id="id3">
<a class="with-shadow reference internal image-reference" href="../_images/IntroductionPackage.png"><img alt="Introduction Package" class="with-shadow" src="../_images/IntroductionPackage.png" style="width: 300px;" /></a>
<p class="caption"><span class="caption-text">Introduction Package after installation (caption of the image).</span><a class="headerlink" href="#id3" title="Permalink to this image">Â¶</a></p>
</div>
<p>How the Frontend of the Introduction Package looks like after installation (legend of the image).</p>
</div>
</div>

<!-- /body -->
                            </div>
                        </div>
<!-- pager.html -->
<nav aria-label="Page navigation example">
    <ul class="pagination justify-content-center">
        <li class="page-item">
            <a class="page-link" href="../Index.html" title="Accesskey Alt(+Shift)+p">
                Previous
            </a>
        </li>
        <li class="page-item">
            <a class="page-link" href="../Installation/Index.html" title="Accesskey Alt(+Shift)+n">
                Next
            </a>
        </li>
        
    </ul>
</nav>
<!-- /pager.html -->
                    </div>
                </div>
            </div>
        </div>

        

        <div class="page-footer">
<!-- footer.html -->
<footer>
    <div class="frame frame-ruler-before frame-background-dark">
        <div class="frame-container">
            <div class="frame-inner">
                <ul class="footer-simplemenu">
                    <li><a href="&lt;project-home&gt;" title="Home"><span>Home</span></a></li><li><a href="&lt;project-contact&gt;" title="Contact"><span>Contact</span></a></li>
                    <li><a href="&lt;project-discussions&gt;" title="Discussions"><span>Discussions</span></a></li>
                    <li><a href="&lt;project-issues&gt;" title="Issues"><span>Issues</span></a></li>
                    <li><a href="&lt;project-repository&gt;" title="Repository"><span>Repository</span></a></li>
                </ul>
                <div class="footer-additional">
                    <p class="text-center">Last updated: Nov 18, 2022 10:26</p>
                    <p class="text-center">Last rendered: Apr 09, 2023 09:42</p>
                    <ul class="footer-simplemenu">
                        <li><a href="https://github.com/TYPO3-Documentation/sphinx_typo3_theme" title="sphinx_typo3_theme" target="_blank">
                        <span>TYPO3 Theme 4.7.7</span></a></li>
                    </ul>
                </div>
                <div class="footer-meta">
                    <div class="footer-meta-copyright">
                        &copy; Copyright <copyright>
                    </div>
                </div>
            </div>
        </div>
    </div>
</footer>
<!-- /footer.html -->
        </div>
    </div>

    <script type="text/javascript">
        var DOCUMENTATION_OPTIONS = {
            URL_ROOT: '../',
            VERSION: '&lt;release&gt;',
            COLLAPSE_INDEX: false,
            FILE_SUFFIX: '.html',
            HAS_SOURCE: true
        };
    </script>
    <script type="text/javascript" src="../_static/js/jquery.min.js"></script>
    <script type="text/javascript" src="../_static/js/underscore.min.js"></script>
    <script type="text/javascript" src="../_static/js/doctools.min.js"></script>
    <script type="text/javascript" src="../_static/js/popper.min.js"></script>
    <script type="text/javascript" src="../_static/js/bootstrap.min.js"></script>
    <script type="text/javascript" src="../_static/js/theme.min.js"></script>
    <script type="text/javascript" src="../_static/language_data.js"></script>
    <script type="text/javascript" src="../_static/js/searchtools.min.js"></script>
    <script type="text/javascript" src="../_static/js/autocomplete.min.js"></script>
    <script data-url_root="../" id="documentation_options" src="../_static/documentation_options.js"></script>
    <script src="../_static/clipboard.min.js"></script>
    <script src="../_static/copybutton.js"></script>
    <script type="text/javascript">
        jQuery(function() { Search.loadIndex("../searchindex.js"); });
    </script>
    <script type="text/javascript" id="searchindexloader"></script>
<!-- scripts2 --><!-- /scripts2 -->
<!-- footer2 --><!-- /footer2 -->

</body>
</html>