<!-- content start -->
    <div class="section" id="yet-another-page">
            <h1>Yet Another Page</h1>

    <p>Lorem Ipsum</p>

            <div class="section" id="flexforms">
            <h2>FlexForms</h2>

    <p><a href="index.html#flexforms">FlexForms</a></p>

    </div>
    </div>
<!-- content end -->
