<!-- content start -->
    <div class="section" id="rst-class-within-list">
    <h1>rst-class within list</h1>



<ol class="bignums-xxl">
    <li><p>ONE One one bignums-xxl</p><p>This is the story of my life ...</p>

<ol class="bignums">
    <li><p>When I was young</p>

<ol>
    <li>this</li>

    <li>and that</li>

    <li>and this</li>

</ol>
</li>

    <li><p>When I was grown</p><p>Oops, ...</p></li>

    <li><p>When I was old</p><p>Oh dear, ...</p></li>

</ol>
</li>

</ol>

    </div>

<!-- content end -->
