<!-- content start -->
    <div class="section" id="title">
    <h1>Title</h1>

            <p>Lorem Ipsum Dolor.</p>
    </div>

<!-- content end -->
