<!-- content start -->
    <div class="section" id="document-title">
    <h1>Document Title</h1>

            <p>Lorem Ipsum Dolor.</p>
            <p>See the <a href="https://docs.typo3.org/m/typo3/reference-coreapi/main/en-us/Index.html">TYPO3 documentation</a></p>
    </div>

<!-- content end -->
