<!-- content start -->
    <h1>Markdown with emphasis</h1>

<p><em>Italic</em> or <em>Italic</em><strong>Bold</strong> or <strong>Bold</strong></p>
<!-- content end -->
