<!DOCTYPE html>
<html lang="en">
<head>
    <title>Title</title>

</head>
<body>
    <div class="section" id="title">
    <h1>Title</h1>

            <pre><code class="language-ruby line-numbers" data-start="10">Some more Ruby code, with line numbering starting at 10.</code></pre>
    </div>

</body>
</html>
