<!-- content start -->
    <div class="section" id="some-document">
    <h1>Some Document</h1>

            <p>Project My Project in version 3.14</p>
    </div>

<!-- content end -->
