<!-- content start -->
    <div class="section" id="overview">
    <h1>Overview</h1>

            <p>Lorem Ipsum Dolor</p>
            <div class="menu">
    <ul class="menu-level">
    <li class="toc-item current active"><a href="/overview.html#overview">Overview</a></li>

    <li class="toc-item"><a href="/apple.html#apple">Apple</a></li>

    <li class="toc-item"><a href="/banana.html#banana">Banana</a></li>

    <li class="toc-item"><a href="/cherry.html#cherry">Cherry</a></li>

    </ul>
</div>

    </div>

<!-- content end -->
