{
    "std:doc": {
        "index": [
            "My Project",
            "3.1.4",
            "index.html",
            "Document Title"
        ],
        "a_page": [
            "My Project",
            "3.1.4",
            "a_page.html",
            "A Page"
        ]
    },
    "std:label": {
        "document-title": [
            "My Project",
            "3.1.4",
            "index.html#document-title",
            "Document Title"
        ],
        "a-page": [
            "My Project",
            "3.1.4",
            "a_page.html#a-page",
            "A Page"
        ]
    }
}