{
    "std:doc": {
        "another": [
            "-",
            "-",
            "another.html",
            "Confval directive"
        ],
        "index": [
            "-",
            "-",
            "index.html",
            "Confval directive"
        ]
    },
    "std:label": [],
    "std:title": {
        "confval-directive": [
            "-",
            "-",
            "index.html#confval-directive",
            "Confval directive"
        ]
    },
    "std:confval": {
        "demo": [
            "-",
            "-",
            "index.html#demo",
            "demo"
        ]
    }
}