<!-- content start -->
    <div class="section" id="subpage">
            <h1>Subpage</h1>

            <p>Lorem Ipsum Dolor.</p>
            <div class="section" id="an-image-with-absolute-paths">
            <h2>An image with absolute paths</h2>

            <figure>
    <img
    src="../images/hero2-illustration.svg"
    width="400"            alt="Alternative text"        />



                    <figcaption><p>Description</p>
</figcaption>
            </figure>

    </div>

            <div class="section" id="an-image-with-relative-paths">
            <h2>An image with relative paths</h2>

            <figure>
    <img
    src="../images/hero2-illustration.svg"
    width="400"            alt="Alternative text"        />



                    <figcaption><p>Description</p>
</figcaption>
            </figure>

    </div>

    </div>

<!-- content end -->
