<!-- content start -->

<div class="section" id="table-markdown">
            <h1>Table Markdown</h1>
            <table>
                <thead>
            <tr>
                            <th>Name</th>
                            <th>Age</th>
                            <th>City</th>
                    </tr>
        </thead>
    <tbody>
    <tr>
            <td>John Doe</td>
            <td>29</td>
            <td>New York</td>
    </tr>
    <tr>
            <td>Jane Smith</td>
            <td>34</td>
            <td>San Francisco</td>
    </tr>
    <tr>
            <td>Sam Green</td>
            <td>22</td>
            <td>Boston</td>
    </tr>
</tbody>
</table>
    </div>
<!-- content end -->
